// Jest Snapshot v1, https://goo.gl/fbAQLP

exports[`match on Shallow mode 1`] = `
<Provider
  store={
    Object {
      "dispatch": [Function],
      "getAction": [Function],
      "getActions": [Function],
      "getState": [Function],
      "isActionDispatched": [Function],
      "isActionTypeDispatched": [Function],
      "subscribe": [Function],
    }
  }
>
  <Connect(Home)>
    <Home
      cities={
        Array [
          Object {
            "error": undefined,
            "id": 3871336,
            "name": "Santiago",
            "state": "request",
            "temperature": 0,
          },
          Object {
            "error": undefined,
            "id": 3435910,
            "name": "Buenos Aires",
            "state": "request",
            "temperature": 0,
          },
          Object {
            "error": undefined,
            "id": 3936456,
            "name": "Lima",
            "state": "request",
            "temperature": 0,
          },
          Object {
            "error": undefined,
            "id": 3448439,
            "name": "Sao Paulo",
            "state": "request",
            "temperature": 0,
          },
        ]
      }
      cities_temperatures={
        Array [
          Object {
            "date": 2017-12-06T14:14:58.080Z,
            "id": 3871336,
            "temperature": 25,
          },
          Object {
            "date": 2017-12-07T14:14:58.080Z,
            "id": 3435910,
            "temperature": 26,
          },
          Object {
            "date": 2017-12-08T14:14:58.080Z,
            "id": 3936456,
            "temperature": 27,
          },
          Object {
            "date": 2017-12-09T14:14:58.080Z,
            "id": 3448439,
            "temperature": 28,
          },
        ]
      }
      cityUpdateAll={[Function]}
    >
      <div
        className="_Home container"
      >
        <TransitionGroup
          appear={true}
          childFactory={[Function]}
          className="row"
          component="div"
        >
          <div
            className="row"
          >
            <CityEffect
              appear={true}
              in={true}
              key=".$3871336"
              onExited={[Function]}
            >
              <CSSTransition
                appear={true}
                classNames="city"
                in={true}
                onExited={[Function]}
                timeout={15000}
              >
                <Transition
                  appear={true}
                  enter={true}
                  exit={true}
                  in={true}
                  mountOnEnter={false}
                  onEnter={[Function]}
                  onEntered={[Function]}
                  onEntering={[Function]}
                  onExit={[Function]}
                  onExited={[Function]}
                  onExiting={[Function]}
                  timeout={15000}
                  unmountOnExit={false}
                >
                  <div
                    className="col"
                  >
                    <City
                      id={3871336}
                      name="Santiago"
                      state="request"
                      temperature={0}
                      temperatures={
                        Array [
                          Object {
                            "date": 2017-12-06T14:14:58.080Z,
                            "id": 3871336,
                            "temperature": 25,
                          },
                        ]
                      }
                    >
                      <div
                        className="_City card elevation-1 elevation-hover"
                      >
                        <div
                          className="card-body card-img-top bg_color_main _CardBody"
                        >
                          <div
                            className="frame-temperature"
                          >
                            <div
                              className="temperature elevation-2 text_color_dark"
                            >
                              <Spinner
                                animating={true}
                                animationDuration={0.6}
                                speed={1}
                              >
                                <div
                                  className="rai-activity-indicator undefined"
                                  style={
                                    Object {
                                      "display": "inline-block",
                                      "fontSize": "16px",
                                      "lineHeight": "0",
                                    }
                                  }
                                >
                                  <Spinner
                                    getBorderStyle={[Function]}
                                    getFillStyle={[Function]}
                                    style={
                                      Object {
                                        "animationDuration": "0.6s",
                                      }
                                    }
                                  >
                                    <div
                                      className="rai-spinner"
                                      style={
                                        Object {
                                          "animationDuration": "0.6s",
                                        }
                                      }
                                    >
                                      <div
                                        className="rai-spinner-outer"
                                        style={Object {}}
                                      />
                                      <div
                                        className="rai-spinner-inner"
                                        style={Object {}}
                                      />
                                    </div>
                                  </Spinner>
                                </div>
                              </Spinner>
                            </div>
                          </div>
                          <div
                            className="card-title"
                          >
                            Santiago
                          </div>
                        </div>
                        <div
                          className="list-group list-group-flush list-temperatures"
                        >
                          <li
                            className="list-group-item"
                            key="0"
                          >
                            <div
                              className="row"
                            >
                              <div
                                className="col-7 col-md-8"
                              >
                                06/12/2017 15:14:58
                              </div>
                              <div
                                className="col-5 col-md-4 text-right"
                              >
                                25
                                 
                                <span
                                  className="unit"
                                >
                                  ºC
                                </span>
                              </div>
                            </div>
                          </li>
                        </div>
                      </div>
                    </City>
                  </div>
                </Transition>
              </CSSTransition>
            </CityEffect>
            <CityEffect
              appear={true}
              in={true}
              key=".$3435910"
              onExited={[Function]}
            >
              <CSSTransition
                appear={true}
                classNames="city"
                in={true}
                onExited={[Function]}
                timeout={15000}
              >
                <Transition
                  appear={true}
                  enter={true}
                  exit={true}
                  in={true}
                  mountOnEnter={false}
                  onEnter={[Function]}
                  onEntered={[Function]}
                  onEntering={[Function]}
                  onExit={[Function]}
                  onExited={[Function]}
                  onExiting={[Function]}
                  timeout={15000}
                  unmountOnExit={false}
                >
                  <div
                    className="col"
                  >
                    <City
                      id={3435910}
                      name="Buenos Aires"
                      state="request"
                      temperature={0}
                      temperatures={
                        Array [
                          Object {
                            "date": 2017-12-07T14:14:58.080Z,
                            "id": 3435910,
                            "temperature": 26,
                          },
                        ]
                      }
                    >
                      <div
                        className="_City card elevation-1 elevation-hover"
                      >
                        <div
                          className="card-body card-img-top bg_color_main _CardBody"
                        >
                          <div
                            className="frame-temperature"
                          >
                            <div
                              className="temperature elevation-2 text_color_dark"
                            >
                              <Spinner
                                animating={true}
                                animationDuration={0.6}
                                speed={1}
                              >
                                <div
                                  className="rai-activity-indicator undefined"
                                  style={
                                    Object {
                                      "display": "inline-block",
                                      "fontSize": "16px",
                                      "lineHeight": "0",
                                    }
                                  }
                                >
                                  <Spinner
                                    getBorderStyle={[Function]}
                                    getFillStyle={[Function]}
                                    style={
                                      Object {
                                        "animationDuration": "0.6s",
                                      }
                                    }
                                  >
                                    <div
                                      className="rai-spinner"
                                      style={
                                        Object {
                                          "animationDuration": "0.6s",
                                        }
                                      }
                                    >
                                      <div
                                        className="rai-spinner-outer"
                                        style={Object {}}
                                      />
                                      <div
                                        className="rai-spinner-inner"
                                        style={Object {}}
                                      />
                                    </div>
                                  </Spinner>
                                </div>
                              </Spinner>
                            </div>
                          </div>
                          <div
                            className="card-title"
                          >
                            Buenos Aires
                          </div>
                        </div>
                        <div
                          className="list-group list-group-flush list-temperatures"
                        >
                          <li
                            className="list-group-item"
                            key="0"
                          >
                            <div
                              className="row"
                            >
                              <div
                                className="col-7 col-md-8"
                              >
                                07/12/2017 15:14:58
                              </div>
                              <div
                                className="col-5 col-md-4 text-right"
                              >
                                26
                                 
                                <span
                                  className="unit"
                                >
                                  ºC
                                </span>
                              </div>
                            </div>
                          </li>
                        </div>
                      </div>
                    </City>
                  </div>
                </Transition>
              </CSSTransition>
            </CityEffect>
            <CityEffect
              appear={true}
              in={true}
              key=".$3936456"
              onExited={[Function]}
            >
              <CSSTransition
                appear={true}
                classNames="city"
                in={true}
                onExited={[Function]}
                timeout={15000}
              >
                <Transition
                  appear={true}
                  enter={true}
                  exit={true}
                  in={true}
                  mountOnEnter={false}
                  onEnter={[Function]}
                  onEntered={[Function]}
                  onEntering={[Function]}
                  onExit={[Function]}
                  onExited={[Function]}
                  onExiting={[Function]}
                  timeout={15000}
                  unmountOnExit={false}
                >
                  <div
                    className="col"
                  >
                    <City
                      id={3936456}
                      name="Lima"
                      state="request"
                      temperature={0}
                      temperatures={
                        Array [
                          Object {
                            "date": 2017-12-08T14:14:58.080Z,
                            "id": 3936456,
                            "temperature": 27,
                          },
                        ]
                      }
                    >
                      <div
                        className="_City card elevation-1 elevation-hover"
                      >
                        <div
                          className="card-body card-img-top bg_color_main _CardBody"
                        >
                          <div
                            className="frame-temperature"
                          >
                            <div
                              className="temperature elevation-2 text_color_dark"
                            >
                              <Spinner
                                animating={true}
                                animationDuration={0.6}
                                speed={1}
                              >
                                <div
                                  className="rai-activity-indicator undefined"
                                  style={
                                    Object {
                                      "display": "inline-block",
                                      "fontSize": "16px",
                                      "lineHeight": "0",
                                    }
                                  }
                                >
                                  <Spinner
                                    getBorderStyle={[Function]}
                                    getFillStyle={[Function]}
                                    style={
                                      Object {
                                        "animationDuration": "0.6s",
                                      }
                                    }
                                  >
                                    <div
                                      className="rai-spinner"
                                      style={
                                        Object {
                                          "animationDuration": "0.6s",
                                        }
                                      }
                                    >
                                      <div
                                        className="rai-spinner-outer"
                                        style={Object {}}
                                      />
                                      <div
                                        className="rai-spinner-inner"
                                        style={Object {}}
                                      />
                                    </div>
                                  </Spinner>
                                </div>
                              </Spinner>
                            </div>
                          </div>
                          <div
                            className="card-title"
                          >
                            Lima
                          </div>
                        </div>
                        <div
                          className="list-group list-group-flush list-temperatures"
                        >
                          <li
                            className="list-group-item"
                            key="0"
                          >
                            <div
                              className="row"
                            >
                              <div
                                className="col-7 col-md-8"
                              >
                                08/12/2017 15:14:58
                              </div>
                              <div
                                className="col-5 col-md-4 text-right"
                              >
                                27
                                 
                                <span
                                  className="unit"
                                >
                                  ºC
                                </span>
                              </div>
                            </div>
                          </li>
                        </div>
                      </div>
                    </City>
                  </div>
                </Transition>
              </CSSTransition>
            </CityEffect>
            <CityEffect
              appear={true}
              in={true}
              key=".$3448439"
              onExited={[Function]}
            >
              <CSSTransition
                appear={true}
                classNames="city"
                in={true}
                onExited={[Function]}
                timeout={15000}
              >
                <Transition
                  appear={true}
                  enter={true}
                  exit={true}
                  in={true}
                  mountOnEnter={false}
                  onEnter={[Function]}
                  onEntered={[Function]}
                  onEntering={[Function]}
                  onExit={[Function]}
                  onExited={[Function]}
                  onExiting={[Function]}
                  timeout={15000}
                  unmountOnExit={false}
                >
                  <div
                    className="col"
                  >
                    <City
                      id={3448439}
                      name="Sao Paulo"
                      state="request"
                      temperature={0}
                      temperatures={
                        Array [
                          Object {
                            "date": 2017-12-09T14:14:58.080Z,
                            "id": 3448439,
                            "temperature": 28,
                          },
                        ]
                      }
                    >
                      <div
                        className="_City card elevation-1 elevation-hover"
                      >
                        <div
                          className="card-body card-img-top bg_color_main _CardBody"
                        >
                          <div
                            className="frame-temperature"
                          >
                            <div
                              className="temperature elevation-2 text_color_dark"
                            >
                              <Spinner
                                animating={true}
                                animationDuration={0.6}
                                speed={1}
                              >
                                <div
                                  className="rai-activity-indicator undefined"
                                  style={
                                    Object {
                                      "display": "inline-block",
                                      "fontSize": "16px",
                                      "lineHeight": "0",
                                    }
                                  }
                                >
                                  <Spinner
                                    getBorderStyle={[Function]}
                                    getFillStyle={[Function]}
                                    style={
                                      Object {
                                        "animationDuration": "0.6s",
                                      }
                                    }
                                  >
                                    <div
                                      className="rai-spinner"
                                      style={
                                        Object {
                                          "animationDuration": "0.6s",
                                        }
                                      }
                                    >
                                      <div
                                        className="rai-spinner-outer"
                                        style={Object {}}
                                      />
                                      <div
                                        className="rai-spinner-inner"
                                        style={Object {}}
                                      />
                                    </div>
                                  </Spinner>
                                </div>
                              </Spinner>
                            </div>
                          </div>
                          <div
                            className="card-title"
                          >
                            Sao Paulo
                          </div>
                        </div>
                        <div
                          className="list-group list-group-flush list-temperatures"
                        >
                          <li
                            className="list-group-item"
                            key="0"
                          >
                            <div
                              className="row"
                            >
                              <div
                                className="col-7 col-md-8"
                              >
                                09/12/2017 15:14:58
                              </div>
                              <div
                                className="col-5 col-md-4 text-right"
                              >
                                28
                                 
                                <span
                                  className="unit"
                                >
                                  ºC
                                </span>
                              </div>
                            </div>
                          </li>
                        </div>
                      </div>
                    </City>
                  </div>
                </Transition>
              </CSSTransition>
            </CityEffect>
          </div>
        </TransitionGroup>
      </div>
    </Home>
  </Connect(Home)>
</Provider>
`;
