// Jest Snapshot v1, https://goo.gl/fbAQLP

exports[`match on Shallow mode 1`] = `
<BrowserRouter
  basename="/altran/app"
>
  <div>
    <nav
      className="bg_color_main navbar navbar-expand-md navbar-dark"
    >
      <div
        className="container"
      >
        <a
          className="NavbarBrand"
        >
          RectWeather
        </a>
        <div
          className="collapse show navbar-collapse"
        >
          <ul
            className="mr-auto navbar-nav"
          >
            <RouteLink
              activeOnlyWhenExact={true}
              label="Home"
              to="/"
            />
            <RouteLink
              activeOnlyWhenExact={true}
              label="About"
              to="/about"
            />
          </ul>
        </div>
      </div>
    </nav>
    <div
      className="container"
      id="main"
    >
      <Route
        component={[Function]}
        exact={true}
        path="/"
      />
      <Route
        component={[Function]}
        path="/about"
      />
    </div>
  </div>
</BrowserRouter>
`;
